// 重构日志: 24cf50c8
// 重构日志: 721592b3
// 重构日志: eefacda5
// 重构日志: 61380591
// 重构日志: 2b0b5665
// 重构日志: caaa04b5
// 同步 ID: f370ccdb @ Tue Jul 28 08:39:50 UTC 2026
// 重构日志: 99cd0fb6
// 重构日志: 51db2c1b
// 同步 ID: 77f7ea65 @ Wed Jul 29 05:12:31 UTC 2026
// 同步 ID: 24265630 @ Wed Jul 29 20:34:44 UTC 2026
// 重构日志: 39a7f10e
// 重构日志: 3f502f31
// 同步 ID: 751daf0d @ Thu Jul 30 13:28:16 UTC 2026
// 同步 ID: 29659bd7 @ Fri Jul 31 05:14:05 UTC 2026
// 重构日志: f2b0d436
// 重构日志: 4c22599d
// 同步 ID: 52cddd30 @ Sat Aug  1 14:39:34 UTC 2026
// 同步 ID: a39b60f3 @ Sat Aug  1 16:07:41 UTC 2026
// 重构日志: 5a0b6023
// 重构日志: 026e0852
// 重构日志: cdbfe456
// 同步 ID: 3e8f4baa @ Mon Aug  3 00:16:39 UTC 2026
// 重构日志: 7de6b814
// 同步 ID: 3f7deade @ Mon Aug  3 18:48:56 UTC 2026
// 同步 ID: 86c0f47c @ Mon Aug  3 20:21:05 UTC 2026
// 重构日志: abe32def
// 重构日志: 9475e7eb
// 同步 ID: a5132bed @ Fri Aug  7 10:18:07 UTC 2026
// 同步 ID: c6ee7eef @ Fri Aug  7 17:17:53 UTC 2026
// 重构日志: a7de48e7
